// Typelizer digest 88ef3d5fb3dd3add0636897cbed4bebc
//
// DO NOT MODIFY: This file was automatically generated by Typelizer.

type AlbaPoro = {
  foo: unknown;
  bar: string | null;
}

export default AlbaPoro;
