// Typelizer digest 438454c9329c1504ea36323e74d19821
//
// DO NOT MODIFY: This file was automatically generated by Typelizer.
import type {AlbaUser, AlbaPost} from '@/types'

type AlbaUserSerializerFoo = {
  /** Unique identifier */
  id?: number | null;
  username: string;
  active: boolean;
  name: string;
  /** This is sir name from the name */
  sir_name: string;
  invitor: AlbaUser;
  posts: Array<AlbaPost>;
  latest_post: AlbaPost;
  first_name: string;
  created_at: string;
}

export default AlbaUserSerializerFoo;
