// Typelizer digest fbdc0534aa0b49cef0d786dcc4cbac8d
//
// DO NOT MODIFY: This file was automatically generated by Typelizer.
import type {AlbaPost} from '@/types'

type AlbaUserEmptyNested = {
  /** Unique identifier */
  id: string;
  /** Author login handle */
  username: string | null;
  posts?: Array<AlbaPost>;
  avatar: unknown;
  /** Typed avatar URL
   * Active user only */
  typed_avatar: string | null;
}

export default AlbaUserEmptyNested;
