// Typelizer digest b3a98c76280c33e08091142fb3474886
//
// DO NOT MODIFY: This file was automatically generated by Typelizer.
import type {AlbaUser} from '@/types'

type AlbaPost = {
  id: number;
  title?: string | null;
  category?: "news" | "article" | "blog" | null;
  body?: string | null;
  published_at?: string | null;
  user: AlbaUser;
  next_post: Post;
  /** This is name
   * @deprecated */
  name: string;
}

export default AlbaPost;
