// Typelizer digest a6d580654a084cc58071460e42093126
//
// DO NOT MODIFY: This file was automatically generated by Typelizer.

type AlbaVerbatimModuleSyntax = {
  id: number;
  username: string;
}

export type { AlbaVerbatimModuleSyntax };
