// Typelizer digest a1ab721be994ea4a9dd7143afa68b40a
//
// DO NOT MODIFY: This file was automatically generated by Typelizer.
import type {AlbaPost} from '@/types'

type AlbaUserAuthor = {
  /** Unique identifier */
  id: string;
  /** Author login handle */
  username: string | null;
  posts?: Array<AlbaPost>;
  avatar: unknown;
  /** Typed avatar URL
   * Active user only */
  typed_avatar: string | null;
}

export default AlbaUserAuthor;
