// Typelizer digest a89a2ef0c34938239801ead4376fabe2
//
// DO NOT MODIFY: This file was automatically generated by Typelizer.
import type {AlbaPost} from '@/types'

type AlbaUser = {
  /** Unique identifier */
  id: string | null;
  username: string;
  active: boolean;
  name: string;
  /** This is sir name from the name */
  sir_name: string;
  invitor: AlbaUser;
  posts: Array<AlbaPost>;
  latest_post: AlbaPost;
  first_name: string;
}

export default AlbaUser;
