// Typelizer digest ccd6ec5438907beed194bd64cc3eaeff
//
// DO NOT MODIFY: This file was automatically generated by Typelizer.

type AlbaMetaNil = {
  /** Unique identifier */
  id: string;
}

export default AlbaMetaNil;
