// Typelizer digest 1e092062e645216622bbc67bd6b9e664
//
// DO NOT MODIFY: This file was automatically generated by Typelizer.

type AlbaMetaData = {
  username: string;
  full_name: string | null;
  address: {city: string, zipcode: string};
}

type AlbaMeta = {
  meta: AlbaMetaData;
  metadata: {foo: 'bar'};
}

export default AlbaMeta;
