// Typelizer digest 1f4a985c9c24d729b9352594e57aa209
//
// DO NOT MODIFY: This file was automatically generated by Typelizer.
import type {AmsUser} from '@/types'

type AmsPost = {
  id: number;
  title?: string | null;
  category?: "news" | "article" | "blog" | null;
  body?: string | null;
  published_at?: string | null;
  /** @deprecated Use 'title' instead. */
  name: string;
  user: AmsUser;
}

export default AmsPost;
