// Typelizer digest b478b8730e7b1ceccdf60ba4bd374e42
//
// DO NOT MODIFY: This file was automatically generated by Typelizer.
import type {AmsUser, AmsPost} from '@/types'

type AmsTransformKeys = {
  /** Unique identifier */
  id: string | null;
  username: string;
  active: boolean;
  createdAt: string;
  invitor: AmsUser;
  posts: Array<AmsPost>;
}

export default AmsTransformKeys;
