// Typelizer digest c5e06c5788a470159c94dc9ad6d2c4c1
//
// DO NOT MODIFY: This file was automatically generated by Typelizer.
import type {AmsPost} from '@/types'

type AmsUserAuthor = {
  /** Unique identifier */
  id: string;
  /** Author login handle */
  username: string | null;
  avatar: unknown;
  typed_avatar: string | null;
  posts?: Array<AmsPost>;
}

export default AmsUserAuthor;
