// Typelizer digest 88ba94216a35680fb43f4e5cbe19a303
//
// DO NOT MODIFY: This file was automatically generated by Typelizer.
import type {AmsUser, AmsPost} from '@/types'

type AmsUserSerializerFoo = {
  /** Unique identifier */
  id?: number | null;
  username: string;
  active: boolean;
  created_at: string;
  invitor: AmsUser;
  posts: Array<AmsPost>;
}

export default AmsUserSerializerFoo;
