// Typelizer digest f6023d344d7ed778713bb5a8785defa4
//
// DO NOT MODIFY: This file was automatically generated by Typelizer.
import type {AmsPost} from '@/types'

type AmsUser = {
  /** Unique identifier */
  id: string | null;
  username: string;
  active: boolean;
  invitor: AmsUser;
  posts: Array<AmsPost>;
}

export default AmsUser;
