// Typelizer digest e6a66c72e842879510aa5be291fe29ab
//
// DO NOT MODIFY: This file was automatically generated by Typelizer.
import type {AmsPost} from '@/types'

type AmsUserEmptyNested = {
  /** Unique identifier */
  id: string;
  /** Author login handle */
  username: string | null;
  avatar: unknown;
  typed_avatar: string | null;
  posts?: Array<AmsPost>;
}

export default AmsUserEmptyNested;
