// Typelizer digest 4f6b6fed16d511dbfe9a02a0b7aa9c41
//
// DO NOT MODIFY: This file was automatically generated by Typelizer.

type AmsVerbatimModuleSyntax = {
  id: number;
  username: string;
}

export type { AmsVerbatimModuleSyntax };
