// Typelizer digest f733061ff673f35b7540364780a0189c
//
// DO NOT MODIFY: This file was automatically generated by Typelizer.
import type {OjSerializersUser, OjSerializersPost} from '@/types'

type OjSerializersUserSerializerFoo = {
  id: number;
  username: string;
  active: boolean;
  invitor: OjSerializersUser;
  posts: Array<OjSerializersPost>;
  created_at: string;
}

export default OjSerializersUserSerializerFoo;
