// Typelizer digest be9e8db46e8b4c1575b88900c1c0fb03
//
// DO NOT MODIFY: This file was automatically generated by Typelizer.

type OjSerializersVerbatimModuleSyntax = {
  id: number;
  username: string;
}

export type { OjSerializersVerbatimModuleSyntax };
