// Typelizer digest 5845ad4459c43dd1ae3193bbbc0a9bca
//
// DO NOT MODIFY: This file was automatically generated by Typelizer.
import type {OjSerializersUser} from '@/types'

type OjSerializersPost = {
  id: number;
  title?: string | null;
  category?: "news" | "article" | "blog" | null;
  body?: string | null;
  published_at?: string | null;
  user: OjSerializersUser;
  /** @deprecated Use 'title' instead. */
  name: string;
}

export default OjSerializersPost;
