// Typelizer digest 23987d6120add587557d117e76467dbd
//
// DO NOT MODIFY: This file was automatically generated by Typelizer.
import type {OjSerializersPost} from '@/types'

type OjSerializersUserEmptyNested = {
  id: number;
  /** Author login handle */
  username: string | null;
  posts?: Array<OjSerializersPost>;
  avatar: unknown;
  typed_avatar: string | null;
}

export default OjSerializersUserEmptyNested;
