// Typelizer digest a1aa08f11c7c60784610f331fdf973b9
//
// DO NOT MODIFY: This file was automatically generated by Typelizer.
import type {OjSerializersPost} from '@/types'

type OjSerializersUserAuthor = {
  id: number;
  /** Author login handle */
  username: string | null;
  posts?: Array<OjSerializersPost>;
  avatar: unknown;
  typed_avatar: string | null;
}

export default OjSerializersUserAuthor;
