// Typelizer digest 98c91bc4107ed3c2a816d59c63d24216
//
// DO NOT MODIFY: This file was automatically generated by Typelizer.
import type {OjSerializersUser, OjSerializersPost} from '@/types'

type OjSerializersFlatUser = {
  id: number;
  username: string;
  active: boolean;
  invitor: OjSerializersUser;
  posts: Array<OjSerializersPost>;
}

export default OjSerializersFlatUser;
