// Typelizer digest 8c7b7a7697fe3af97ed5505a811ee05e
//
// DO NOT MODIFY: This file was automatically generated by Typelizer.
import type {OjSerializersUser, OjSerializersPost} from '@/types'

type OjSerializersTransformKeys = {
  id: number;
  username: string;
  active: boolean;
  invitor: OjSerializersUser;
  posts: Array<OjSerializersPost>;
  createdAt: string;
}

export default OjSerializersTransformKeys;
